// Jest Snapshot v1, https://goo.gl/fbAQLP

exports[`Nav component matches snapshot 1`] = `
<DocumentFragment>
  <header>
    <h2>
      <a
        data-testid="link"
        href="/"
      >
        <span
          aria-label="camera"
          role="img"
        >
           ðŸ“¸
        </span>
         Oh Snap! Oh Snap!
      </a>
    </h2>
    <nav>
      <ul
        class="flex-row"
      >
        <li
          class="mx-2"
        >
          <a
            data-testid="about"
            href="#about"
          >
            About me
          </a>
        </li>
        <li>
          <span>
            Contact
          </span>
        </li>
        <li
          class="mx-1"
        >
          <span>
             
            <span>
              commercial
            </span>
          </span>
        </li>
        <li
          class="mx-1"
        >
          <span>
             
            <span>
              portraits
            </span>
          </span>
        </li>
        <li
          class="mx-1"
        >
          <span>
             
            <span>
              food
            </span>
          </span>
        </li>
        <li
          class="mx-1"
        >
          <span>
             
            <span>
              landscape
            </span>
          </span>
        </li>
      </ul>
    </nav>
  </header>
</DocumentFragment>
`;
